
Hillj@Revan MINGW64 ~
$ ssh azdmin@138.91.165.37
Welcome to Ubuntu 18.04.5 LTS (GNU/Linux 5.4.0-1046-azure x86_64)

 * Documentation:  https://help.ubuntu.com
 * Management:     https://landscape.canonical.com
 * Support:        https://ubuntu.com/advantage

  System information as of Tue Apr 20 22:52:32 UTC 2021

  System load:  0.0               Processes:           108
  Usage of /:   8.5% of 28.90GB   Users logged in:     0
  Memory usage: 23%               IP address for eth0: 10.0.0.4
  Swap usage:   0%

 * Pure upstream Kubernetes 1.21, smallest, simplest cluster ops!

     https://microk8s.io/

1 package can be updated.
0 of these updates are security updates.
To see these additional updates run: apt list --upgradable


Last login: Sat Apr 17 15:38:02 2021 from 108.28.152.235
azdmin@Jump-Box-Provisioner:~$ sudo docker container list -a
CONTAINER ID        IMAGE                    COMMAND                  CREATED             STATUS                  PORTS               NAMES
3d03e4e5c2e5        cyberxsecurity/ansible   "bash"                   3 days ago          Exited (0) 3 days ago                       trusting_bhabha
064ff0cf3208        cyberxsecurity/ansible   "/bin/bash -o pipefa…"   3 days ago          Exited (0) 3 days ago                       quizzical_mirzakhani
azdmin@Jump-Box-Provisioner:~$ sudo docker start trusting_bhabha
trusting_bhabha
azdmin@Jump-Box-Provisioner:~$ sudo docker attach trusting_bhabha
root@3d03e4e5c2e5:~# ssh azdmin@10.0.0.5
Welcome to Ubuntu 18.04.5 LTS (GNU/Linux 5.4.0-1046-azure x86_64)

 * Documentation:  https://help.ubuntu.com
 * Management:     https://landscape.canonical.com
 * Support:        https://ubuntu.com/advantage

  System information as of Tue Apr 20 22:56:03 UTC 2021

  System load:  0.08               Processes:              123
  Usage of /:   11.4% of 28.90GB   Users logged in:        0
  Memory usage: 19%                IP address for eth0:    10.0.0.5
  Swap usage:   0%                 IP address for docker0: 172.17.0.1


17 packages can be updated.
0 of these updates are security updates.
To see these additional updates run: apt list --upgradable


Last login: Sat Apr 17 18:38:14 2021 from 10.0.0.4
azdmin@Web-1:~$ exit
logout
Connection to 10.0.0.5 closed.
root@3d03e4e5c2e5:~# cd /etc/ansible/
root@3d03e4e5c2e5:/etc/ansible# ls
ansible.cfg  hosts  my_playbook  my_playbook.yml  pentest.yml  roles
root@3d03e4e5c2e5:/etc/ansible# nano hosts
root@3d03e4e5c2e5:/etc/ansible# nano hosts
root@3d03e4e5c2e5:/etc/ansible# nano my_playbook
root@3d03e4e5c2e5:/etc/ansible# nano my_playbook.yml
root@3d03e4e5c2e5:/etc/ansible# nano pentest.yml
root@3d03e4e5c2e5:/etc/ansible# ssh azdmin@10.0.0.7
The authenticity of host '10.0.0.7 (10.0.0.7)' can't be established.
ECDSA key fingerprint is SHA256:3T3sfvFTJbfP5DMXCoG8K/WxFvH1Rm2InUK8FqVh5lY.
Are you sure you want to continue connecting (yes/no)? y
Please type 'yes' or 'no': yes
Warning: Permanently added '10.0.0.7' (ECDSA) to the list of known hosts.
Welcome to Ubuntu 18.04.5 LTS (GNU/Linux 5.4.0-1046-azure x86_64)

 * Documentation:  https://help.ubuntu.com
 * Management:     https://landscape.canonical.com
 * Support:        https://ubuntu.com/advantage

  System information as of Tue Apr 20 23:30:18 UTC 2021

  System load:  0.05              Processes:           115
  Usage of /:   4.5% of 28.90GB   Users logged in:     0
  Memory usage: 9%                IP address for eth0: 10.0.0.7
  Swap usage:   0%

0 packages can be updated.
0 of these updates are security updates.



The programs included with the Ubuntu system are free software;
the exact distribution terms for each program are described in the
individual files in /usr/share/doc/*/copyright.

Ubuntu comes with ABSOLUTELY NO WARRANTY, to the extent permitted by
applicable law.

To run a command as administrator (user "root"), use "sudo <command>".
See "man sudo_root" for details.

azdmin@Web-3:~$ ansible-playbook pentest.yml

Command 'ansible-playbook' not found, but can be installed with:

sudo apt install ansible

azdmin@Web-3:~$ exit
logout
Connection to 10.0.0.7 closed.
root@3d03e4e5c2e5:/etc/ansible# ansible-playbook pentest.yml

PLAY [Config Web VM with Docker] ***************************************************************************************

TASK [Gathering Facts] *************************************************************************************************
ok: [10.0.0.7]
ok: [10.0.0.5]
ok: [10.0.0.6]

TASK [Install docker.io] ***********************************************************************************************
^[[A^[[B^C [ERROR]: User interrupted execution

root@3d03e4e5c2e5:/etc/ansible# cd ./.ssh
bash: cd: ./.ssh: No such file or directory
root@3d03e4e5c2e5:/etc/ansible# cd root
bash: cd: root: No such file or directory
root@3d03e4e5c2e5:/etc/ansible# cd ~
root@3d03e4e5c2e5:~# cd ./.ssh
root@3d03e4e5c2e5:~/.ssh# ls
id_rsa  id_rsa.pub  known_hosts
root@3d03e4e5c2e5:~/.ssh# cat id_rsa.pub
ssh-rsa AAAAB3NzaC1yc2EAAAADAQABAAABAQDj9yWLnnPMRz1cUiZB41t6hnfqToZDEQzTc72DmV+vFK/AGKI2dmp+tQk8cyC1fezo5VU3cj7DrdpFvM1HuWPjlqb1GpIteZNGY8I4kAOmkdVU6MjDMu5hd8JGxnOhsn6p1wwlnZmaIP7LjNLy+VRJ8N0bhIj34c+hm1JgQaJubmr9qEqfeLq7M0ASt9pv83FcBz9QqZTf20dy7l3+cL4qk8wyRoUw05uHZ4eN9eg/3S223l+7qEVk/L0KVf9V0RObsaLj6ouO+GxvU4HWdQxRmN02PR3LCgb9CZEHU2NrwIyjdnn6RP64x7WI5XGVzcGah57mVuiuIPq1iD9/KmyD root@3d03e4e5c2e5
root@3d03e4e5c2e5:~/.ssh# ansible-playbook pentest.yml
ERROR! the playbook: pentest.yml could not be found
root@3d03e4e5c2e5:~/.ssh# cd ./.etc/ansible
bash: cd: ./.etc/ansible: No such file or directory
root@3d03e4e5c2e5:~/.ssh# cd ./ansible
bash: cd: ./ansible: No such file or directory
root@3d03e4e5c2e5:~/.ssh# cd ./.ansible
bash: cd: ./.ansible: No such file or directory
root@3d03e4e5c2e5:~/.ssh# exit
exit
azdmin@Jump-Box-Provisioner:~$ sudo docker container list -a
CONTAINER ID        IMAGE                    COMMAND                  CREATED             STATUS                      PORTS               NAMES
3d03e4e5c2e5        cyberxsecurity/ansible   "bash"                   3 days ago          Exited (1) 17 seconds ago                       trusting_bhabha
064ff0cf3208        cyberxsecurity/ansible   "/bin/bash -o pipefa…"   3 days ago          Exited (0) 3 days ago                           quizzical_mirzakhani
azdmin@Jump-Box-Provisioner:~$ sudo docker start trusting_bhabha
trusting_bhabha
azdmin@Jump-Box-Provisioner:~$ sudo docker attach trusting_bhabha
root@3d03e4e5c2e5:~# ssh azdmin@10.0.0.7
Welcome to Ubuntu 18.04.5 LTS (GNU/Linux 5.4.0-1046-azure x86_64)

 * Documentation:  https://help.ubuntu.com
 * Management:     https://landscape.canonical.com
 * Support:        https://ubuntu.com/advantage

  System information as of Tue Apr 20 23:37:16 UTC 2021

  System load:  0.04              Processes:           108
  Usage of /:   4.6% of 28.90GB   Users logged in:     0
  Memory usage: 9%                IP address for eth0: 10.0.0.7
  Swap usage:   0%


0 packages can be updated.
0 of these updates are security updates.

Failed to connect to https://changelogs.ubuntu.com/meta-release-lts. Check your Internet connection or proxy settings


Last login: Tue Apr 20 23:31:50 2021 from 10.0.0.4
azdmin@Web-3:~$ exit
logout
Connection to 10.0.0.7 closed.
root@3d03e4e5c2e5:~# cd /etc/ansible
root@3d03e4e5c2e5:/etc/ansible# nano hosts
root@3d03e4e5c2e5:/etc/ansible# ansible all -m ping
10.0.0.7 | SUCCESS => {
    "changed": false,
    "ping": "pong"
}
10.0.0.6 | SUCCESS => {
    "changed": false,
    "ping": "pong"
}
10.0.0.5 | SUCCESS => {
    "changed": false,
    "ping": "pong"
}
root@3d03e4e5c2e5:/etc/ansible# ansible-playbook pentest.yml

PLAY [Config Web VM with Docker] ***************************************************************************************

TASK [Gathering Facts] *************************************************************************************************
ok: [10.0.0.7]
ok: [10.0.0.6]
ok: [10.0.0.5]

TASK [Install docker.io] ***********************************************************************************************
fatal: [10.0.0.7]: FAILED! => {"changed": false, "msg": "Failed to update apt cache: "}
fatal: [10.0.0.6]: FAILED! => {"changed": false, "msg": "Failed to update apt cache: "}
fatal: [10.0.0.5]: FAILED! => {"changed": false, "msg": "Failed to update apt cache: "}

PLAY RECAP *************************************************************************************************************
10.0.0.5                   : ok=1    changed=0    unreachable=0    failed=1    skipped=0    rescued=0    ignored=0
10.0.0.6                   : ok=1    changed=0    unreachable=0    failed=1    skipped=0    rescued=0    ignored=0
10.0.0.7                   : ok=1    changed=0    unreachable=0    failed=1    skipped=0    rescued=0    ignored=0

root@3d03e4e5c2e5:/etc/ansible# nano hosts
root@3d03e4e5c2e5:/etc/ansible# ls
ansible.cfg  hosts  my_playbook  my_playbook.yml  pentest.yml  roles
root@3d03e4e5c2e5:/etc/ansible# nano pentest.yml
root@3d03e4e5c2e5:/etc/ansible# cp pentest.yml pentest2.yml
root@3d03e4e5c2e5:/etc/ansible# nano pentest2.yml
root@3d03e4e5c2e5:/etc/ansible# nano pentest2.yml
root@3d03e4e5c2e5:/etc/ansible# ssh azdmin@10.0.0.5
Welcome to Ubuntu 18.04.5 LTS (GNU/Linux 5.4.0-1046-azure x86_64)

 * Documentation:  https://help.ubuntu.com
 * Management:     https://landscape.canonical.com
 * Support:        https://ubuntu.com/advantage

  System information as of Tue Apr 20 23:46:39 UTC 2021

  System load:  0.0                Processes:              123
  Usage of /:   11.4% of 28.90GB   Users logged in:        0
  Memory usage: 19%                IP address for eth0:    10.0.0.5
  Swap usage:   0%                 IP address for docker0: 172.17.0.1


17 packages can be updated.
0 of these updates are security updates.
To see these additional updates run: apt list --upgradable

Failed to connect to https://changelogs.ubuntu.com/meta-release-lts. Check your Internet connection or proxy settings


Last login: Tue Apr 20 23:39:15 2021 from 10.0.0.4
azdmin@Web-1:~$ exit
logout
Connection to 10.0.0.5 closed.
root@3d03e4e5c2e5:/etc/ansible# ssh azdmin@10.0.0.7
Welcome to Ubuntu 18.04.5 LTS (GNU/Linux 5.4.0-1046-azure x86_64)

 * Documentation:  https://help.ubuntu.com
 * Management:     https://landscape.canonical.com
 * Support:        https://ubuntu.com/advantage

  System information as of Tue Apr 20 23:46:56 UTC 2021

  System load:  0.0               Processes:           110
  Usage of /:   4.6% of 28.90GB   Users logged in:     0
  Memory usage: 9%                IP address for eth0: 10.0.0.7
  Swap usage:   0%


0 packages can be updated.
0 of these updates are security updates.

Failed to connect to https://changelogs.ubuntu.com/meta-release-lts. Check your Internet connection or proxy settings


Last login: Tue Apr 20 23:39:15 2021 from 10.0.0.4
azdmin@Web-3:~$ sudo apt-get update --allow-repleaseinfo-change
E: Command line option --allow-repleaseinfo-change is not understood in combination with the other options
azdmin@Web-3:~$ sudo apt-get update --allow-releaseinfo-change
Err:1 http://azure.archive.ubuntu.com/ubuntu bionic InRelease
  Could not connect to azure.archive.ubuntu.com:80 (40.81.13.82), connection timed out
Err:2 http://azure.archive.ubuntu.com/ubuntu bionic-updates InRelease
  Unable to connect to azure.archive.ubuntu.com:http:
Err:3 http://azure.archive.ubuntu.com/ubuntu bionic-backports InRelease
  Unable to connect to azure.archive.ubuntu.com:http:
Err:4 http://security.ubuntu.com/ubuntu bionic-security InRelease
  Cannot initiate the connection to security.ubuntu.com:80 (2001:67c:1360:8001::24). - connect (101: Network is unreachable) Cannot initiate the connection to security.ubuntu.com:80 (2001:67c:1360:8001::23). - connect (101: Network is unreachable) Cannot initiate the connection to security.ubuntu.com:80 (2001:67c:1562::15). - connect (101: Network is unreachable) Cannot initiate the connection to security.ubuntu.com:80 (2001:67c:1562::18). - connect (101: Network is unreachable) Could not connect to security.ubuntu.com:80 (91.189.88.142), connection timed out Could not connect to security.ubuntu.com:80 (91.189.88.152), connection timed out Could not connect to security.ubuntu.com:80 (91.189.91.39), connection timed out Could not connect to security.ubuntu.com:80 (91.189.91.38), connection timed out
Reading package lists... Done
W: Failed to fetch http://azure.archive.ubuntu.com/ubuntu/dists/bionic/InRelease  Could not connect to azure.archive.ubuntu.com:80 (40.81.13.82), connection timed out
W: Failed to fetch http://azure.archive.ubuntu.com/ubuntu/dists/bionic-updates/InRelease  Unable to connect to azure.archive.ubuntu.com:http:
W: Failed to fetch http://azure.archive.ubuntu.com/ubuntu/dists/bionic-backports/InRelease  Unable to connect to azure.archive.ubuntu.com:http:
W: Failed to fetch http://security.ubuntu.com/ubuntu/dists/bionic-security/InRelease  Cannot initiate the connection to security.ubuntu.com:80 (2001:67c:1360:8001::24). - connect (101: Network is unreachable) Cannot initiate the connection to security.ubuntu.com:80 (2001:67c:1360:8001::23). - connect (101: Network is unreachable) Cannot initiate the connection to security.ubuntu.com:80 (2001:67c:1562::15). - connect (101: Network is unreachable) Cannot initiate the connection to security.ubuntu.com:80 (2001:67c:1562::18). - connect (101: Network is unreachable) Could not connect to security.ubuntu.com:80 (91.189.88.142), connection timed out Could not connect to security.ubuntu.com:80 (91.189.88.152), connection timed out Could not connect to security.ubuntu.com:80 (91.189.91.39), connection timed out Could not connect to security.ubuntu.com:80 (91.189.91.38), connection timed out
W: Some index files failed to download. They have been ignored, or old ones used instead.
azdmin@Web-3:~$ sudo apt-get update --allow-releaseinfo-change
Err:1 http://azure.archive.ubuntu.com/ubuntu bionic InRelease
  Could not connect to azure.archive.ubuntu.com:80 (40.81.13.82), connection timed out
Err:2 http://azure.archive.ubuntu.com/ubuntu bionic-updates InRelease
  Unable to connect to azure.archive.ubuntu.com:http:
Err:3 http://azure.archive.ubuntu.com/ubuntu bionic-backports InRelease
  Unable to connect to azure.archive.ubuntu.com:http:
Err:4 http://security.ubuntu.com/ubuntu bionic-security InRelease
  Cannot initiate the connection to security.ubuntu.com:80 (2001:67c:1562::18). - connect (101: Network is unreachable) Cannot initiate the connection to security.ubuntu.com:80 (2001:67c:1360:8001::24). - connect (101: Network is unreachable) Cannot initiate the connection to security.ubuntu.com:80 (2001:67c:1562::15). - connect (101: Network is unreachable) Cannot initiate the connection to security.ubuntu.com:80 (2001:67c:1360:8001::23). - connect (101: Network is unreachable) Could not connect to security.ubuntu.com:80 (91.189.88.142), connection timed out Could not connect to security.ubuntu.com:80 (91.189.88.152), connection timed out Could not connect to security.ubuntu.com:80 (91.189.91.38), connection timed out Could not connect to security.ubuntu.com:80 (91.189.91.39), connection timed out
Reading package lists... Done
W: Failed to fetch http://azure.archive.ubuntu.com/ubuntu/dists/bionic/InRelease  Could not connect to azure.archive.ubuntu.com:80 (40.81.13.82), connection timed out
W: Failed to fetch http://azure.archive.ubuntu.com/ubuntu/dists/bionic-updates/InRelease  Unable to connect to azure.archive.ubuntu.com:http:
W: Failed to fetch http://azure.archive.ubuntu.com/ubuntu/dists/bionic-backports/InRelease  Unable to connect to azure.archive.ubuntu.com:http:
W: Failed to fetch http://security.ubuntu.com/ubuntu/dists/bionic-security/InRelease  Cannot initiate the connection to security.ubuntu.com:80 (2001:67c:1562::18). - connect (101: Network is unreachable) Cannot initiate the connection to security.ubuntu.com:80 (2001:67c:1360:8001::24). - connect (101: Network is unreachable) Cannot initiate the connection to security.ubuntu.com:80 (2001:67c:1562::15). - connect (101: Network is unreachable) Cannot initiate the connection to security.ubuntu.com:80 (2001:67c:1360:8001::23). - connect (101: Network is unreachable) Could not connect to security.ubuntu.com:80 (91.189.88.142), connection timed out Could not connect to security.ubuntu.com:80 (91.189.88.152), connection timed out Could not connect to security.ubuntu.com:80 (91.189.91.38), connection timed out Could not connect to security.ubuntu.com:80 (91.189.91.39), connection timed out
W: Some index files failed to download. They have been ignored, or old ones used instead.
azdmin@Web-3:~$ sudo apt-get update --allow-releaseinfo-change
Err:1 http://azure.archive.ubuntu.com/ubuntu bionic InRelease
  Could not connect to azure.archive.ubuntu.com:80 (40.81.13.82), connection timed out
Err:2 http://azure.archive.ubuntu.com/ubuntu bionic-updates InRelease
  Unable to connect to azure.archive.ubuntu.com:http:
Err:3 http://azure.archive.ubuntu.com/ubuntu bionic-backports InRelease
  Unable to connect to azure.archive.ubuntu.com:http:
Err:4 http://security.ubuntu.com/ubuntu bionic-security InRelease
  Cannot initiate the connection to security.ubuntu.com:80 (2001:67c:1360:8001::23). - connect (101: Network is unreachable) Cannot initiate the connection to security.ubuntu.com:80 (2001:67c:1360:8001::24). - connect (101: Network is unreachable) Cannot initiate the connection to security.ubuntu.com:80 (2001:67c:1562::18). - connect (101: Network is unreachable) Cannot initiate the connection to security.ubuntu.com:80 (2001:67c:1562::15). - connect (101: Network is unreachable) Could not connect to security.ubuntu.com:80 (91.189.88.142), connection timed out Could not connect to security.ubuntu.com:80 (91.189.91.38), connection timed out Could not connect to security.ubuntu.com:80 (91.189.91.39), connection timed out Could not connect to security.ubuntu.com:80 (91.189.88.152), connection timed out
Reading package lists... Done
W: Failed to fetch http://azure.archive.ubuntu.com/ubuntu/dists/bionic/InRelease  Could not connect to azure.archive.ubuntu.com:80 (40.81.13.82), connection timed out
W: Failed to fetch http://azure.archive.ubuntu.com/ubuntu/dists/bionic-updates/InRelease  Unable to connect to azure.archive.ubuntu.com:http:
W: Failed to fetch http://azure.archive.ubuntu.com/ubuntu/dists/bionic-backports/InRelease  Unable to connect to azure.archive.ubuntu.com:http:
W: Failed to fetch http://security.ubuntu.com/ubuntu/dists/bionic-security/InRelease  Cannot initiate the connection to security.ubuntu.com:80 (2001:67c:1360:8001::23). - connect (101: Network is unreachable) Cannot initiate the connection to security.ubuntu.com:80 (2001:67c:1360:8001::24). - connect (101: Network is unreachable) Cannot initiate the connection to security.ubuntu.com:80 (2001:67c:1562::18). - connect (101: Network is unreachable) Cannot initiate the connection to security.ubuntu.com:80 (2001:67c:1562::15). - connect (101: Network is unreachable) Could not connect to security.ubuntu.com:80 (91.189.88.142), connection timed out Could not connect to security.ubuntu.com:80 (91.189.91.38), connection timed out Could not connect to security.ubuntu.com:80 (91.189.91.39), connection timed out Could not connect to security.ubuntu.com:80 (91.189.88.152), connection timed out
W: Some index files failed to download. They have been ignored, or old ones used instead.
azdmin@Web-3:~$ ping google.com
PING google.com (172.217.6.46) 56(84) bytes of data.
exit
^C
--- google.com ping statistics ---
97 packets transmitted, 0 received, 100% packet loss, time 98293ms

azdmin@Web-3:~$ exit
logout
Connection to 10.0.0.7 closed.
root@3d03e4e5c2e5:/etc/ansible# ssh azdmin@10.0.0.5
Welcome to Ubuntu 18.04.5 LTS (GNU/Linux 5.4.0-1046-azure x86_64)

 * Documentation:  https://help.ubuntu.com
 * Management:     https://landscape.canonical.com
 * Support:        https://ubuntu.com/advantage

  System information as of Tue Apr 20 23:53:42 UTC 2021

  System load:  0.16               Processes:              122
  Usage of /:   11.4% of 28.90GB   Users logged in:        0
  Memory usage: 19%                IP address for eth0:    10.0.0.5
  Swap usage:   0%                 IP address for docker0: 172.17.0.1


17 packages can be updated.
0 of these updates are security updates.
To see these additional updates run: apt list --upgradable

Failed to connect to https://changelogs.ubuntu.com/meta-release-lts. Check your Internet connection or proxy settings


Last login: Tue Apr 20 23:46:40 2021 from 10.0.0.4
azdmin@Web-1:~$ exit
logout
Connection to 10.0.0.5 closed.
root@3d03e4e5c2e5:/etc/ansible# ssh azdmin@10.0.0.5
Welcome to Ubuntu 18.04.5 LTS (GNU/Linux 5.4.0-1046-azure x86_64)

 * Documentation:  https://help.ubuntu.com
 * Management:     https://landscape.canonical.com
 * Support:        https://ubuntu.com/advantage

  System information as of Tue Apr 20 23:53:54 UTC 2021

  System load:  0.13               Processes:              122
  Usage of /:   11.4% of 28.90GB   Users logged in:        0
  Memory usage: 19%                IP address for eth0:    10.0.0.5
  Swap usage:   0%                 IP address for docker0: 172.17.0.1


17 packages can be updated.
0 of these updates are security updates.
To see these additional updates run: apt list --upgradable

Failed to connect to https://changelogs.ubuntu.com/meta-release-lts. Check your Internet connection or proxy settings


Last login: Tue Apr 20 23:53:42 2021 from 10.0.0.4
azdmin@Web-1:~$ exit
logout
Connection to 10.0.0.5 closed.
root@3d03e4e5c2e5:/etc/ansible# ssh azdmin@10.0.0.6
Welcome to Ubuntu 18.04.5 LTS (GNU/Linux 5.4.0-1046-azure x86_64)

 * Documentation:  https://help.ubuntu.com
 * Management:     https://landscape.canonical.com
 * Support:        https://ubuntu.com/advantage

  System information as of Tue Apr 20 23:54:19 UTC 2021

  System load:  0.0                Processes:              122
  Usage of /:   11.4% of 28.90GB   Users logged in:        0
  Memory usage: 19%                IP address for eth0:    10.0.0.6
  Swap usage:   0%                 IP address for docker0: 172.17.0.1


18 packages can be updated.
0 of these updates are security updates.
To see these additional updates run: apt list --upgradable

Failed to connect to https://changelogs.ubuntu.com/meta-release-lts. Check your Internet connection or proxy settings


Last login: Tue Apr 20 23:39:15 2021 from 10.0.0.4
azdmin@Web-2:~$ curl localhost/setup.php
<!DOCTYPE html>

<html lang="en-GB">

        <head>
                <meta http-equiv="Content-Type" content="text/html; charset=UTF-8" />

                <title>Setup :: Damn Vulnerable Web Application (DVWA) v1.10 *Development*</title>

                <link rel="stylesheet" type="text/css" href="dvwa/css/main.css" />

                <link rel="icon" type="\image/ico" href="favicon.ico" />

                <script type="text/javascript" src="dvwa/js/dvwaPage.js"></script>

        </head>

        <body class="home">
                <div id="container">

                        <div id="header">

                                <img src="dvwa/images/logo.png" alt="Damn Vulnerable Web Application" />

                        </div>

                        <div id="main_menu">

                                <div id="main_menu_padded">
                                <ul class="menuBlocks"><li class="selected"><a href="setup.php">Setup DVWA</a></li>
<li class=""><a href="instructions.php">Instructions</a></li>
</ul><ul class="menuBlocks"><li class=""><a href="about.php">About</a></li>
</ul>
                                </div>

                        </div>

                        <div id="main_body">


<div class="body_padded">
        <h1>Database Setup <img src="dvwa/images/spanner.png" /></h1>

        <p>Click on the 'Create / Reset Database' button below to create or reset your database.<br />
        If you get an error make sure you have the correct user credentials in: <em>/var/www/html/config/config.inc.php</em></p>

        <p>If the database already exists, <em>it will be cleared and the data will be reset</em>.<br />
        You can also use this to reset the administrator credentials ("<em>admin</em> // <em>password</em>") at any stage.</p>
        <hr />
        <br />

        <h2>Setup Check</h2>

        Operating system: <em>*nix</em><br />
        Backend database: <em>MySQL</em><br />
        PHP version: <em>7.0.33-0+deb9u10</em><br />
        <br />
        Web Server SERVER_NAME: <em>localhost</em><br />
        <br />
        PHP function display_errors: <em>Disabled</em><br />
        PHP function safe_mode: <span class="success">Disabled</span><br/ >
        PHP function allow_url_include: <span class="success">Enabled</span><br/ >
        PHP function allow_url_fopen: <span class="success">Enabled</span><br />
        PHP function magic_quotes_gpc: <span class="success">Disabled</span><br />
        PHP module gd: <span class="success">Installed</span><br />
        PHP module mysql: <span class="success">Installed</span><br />
        PHP module pdo_mysql: <span class="success">Installed</span><br />
        <br />
        MySQL username: <em>app</em><br />
        MySQL password: <em>******</em><br />
        MySQL database: <em>dvwa</em><br />
        MySQL host: <em>127.0.0.1</em><br />
        <br />
        reCAPTCHA key: <span class="failure">Missing</span><br />
        <br />
        [User: www-data] Writable folder /var/www/html/hackable/uploads/: <span class="success">Yes</span><br />
        [User: www-data] Writable file /var/www/html/external/phpids/0.6/lib/IDS/tmp/phpids_log.txt: <span class="success">Yes</span><br />
        <br />
        <br />
        [User: www-data] Writable folder /var/www/html/config: <span class="success">Yes</span>
        <br />
        <i><span class="failure">Status in red</span>, indicate there will be an issue when trying to complete some modules.</i><br />
        <br />
        If you see disabled on either <i>allow_url_fopen</i> or <i>allow_url_include</i>, set the following in your php.ini file and restart Apache.<br />
        <pre><code>allow_url_fopen = On
allow_url_include = On</code></pre>
        These are only required for the file inclusion labs so unless you want to play with those, you can ignore them.

        <br /><br /><br />

        <!-- Create db button -->
        <form action="#" method="post">
                <input name="create_db" type="submit" value="Create / Reset Database">
                <input type='hidden' name='user_token' value='3a56a71d7baaf8cfb1e84ff23ee7c5db' />
        </form>
        <br />
        <hr />
</div>
                                <br /><br />


                        </div>

                        <div class="clear">
                        </div>

                        <div id="system_info">

                        </div>

                        <div id="footer">

                                <p>Damn Vulnerable Web Application (DVWA) v1.10 *Development*</p>
                                <script src='/dvwa/js/add_event_listeners.js'></script>

                        </div>

                </div>

        </body>

</html>azdmin@Web-2:~$ Connection to 10.0.0.6 closed by remote host.
Connection to 10.0.0.6 closed.
root@3d03e4e5c2e5:/etc/ansible# ssh azdmin@10.0.0.6\
> ^C
root@3d03e4e5c2e5:/etc/ansible# ssh azdmin@10.0.0.6
Welcome to Ubuntu 18.04.5 LTS (GNU/Linux 5.4.0-1046-azure x86_64)

 * Documentation:  https://help.ubuntu.com
 * Management:     https://landscape.canonical.com
 * Support:        https://ubuntu.com/advantage

  System information as of Wed Apr 21 00:10:41 UTC 2021

  System load:  0.24               Processes:              127
  Usage of /:   11.4% of 28.90GB   Users logged in:        0
  Memory usage: 20%                IP address for eth0:    10.0.0.6
  Swap usage:   0%                 IP address for docker0: 172.17.0.1


18 packages can be updated.
0 of these updates are security updates.
To see these additional updates run: apt list --upgradable

Failed to connect to https://changelogs.ubuntu.com/meta-release-lts. Check your Internet connection or proxy settings


Last login: Tue Apr 20 23:54:19 2021 from 10.0.0.4
azdmin@Web-2:~$ curl localhost/setup.php
<!DOCTYPE html>

<html lang="en-GB">

        <head>
                <meta http-equiv="Content-Type" content="text/html; charset=UTF-8" />

                <title>Setup :: Damn Vulnerable Web Application (DVWA) v1.10 *Development*</title>

                <link rel="stylesheet" type="text/css" href="dvwa/css/main.css" />

                <link rel="icon" type="\image/ico" href="favicon.ico" />

                <script type="text/javascript" src="dvwa/js/dvwaPage.js"></script>

        </head>

        <body class="home">
                <div id="container">

                        <div id="header">

                                <img src="dvwa/images/logo.png" alt="Damn Vulnerable Web Application" />

                        </div>

                        <div id="main_menu">

                                <div id="main_menu_padded">
                                <ul class="menuBlocks"><li class="selected"><a href="setup.php">Setup DVWA</a></li>
<li class=""><a href="instructions.php">Instructions</a></li>
</ul><ul class="menuBlocks"><li class=""><a href="about.php">About</a></li>
</ul>
                                </div>

                        </div>

                        <div id="main_body">


<div class="body_padded">
        <h1>Database Setup <img src="dvwa/images/spanner.png" /></h1>

        <p>Click on the 'Create / Reset Database' button below to create or reset your database.<br />
        If you get an error make sure you have the correct user credentials in: <em>/var/www/html/config/config.inc.php</em></p>

        <p>If the database already exists, <em>it will be cleared and the data will be reset</em>.<br />
        You can also use this to reset the administrator credentials ("<em>admin</em> // <em>password</em>") at any stage.</p>
        <hr />
        <br />

        <h2>Setup Check</h2>

        Operating system: <em>*nix</em><br />
        Backend database: <em>MySQL</em><br />
        PHP version: <em>7.0.33-0+deb9u10</em><br />
        <br />
        Web Server SERVER_NAME: <em>localhost</em><br />
        <br />
        PHP function display_errors: <em>Disabled</em><br />
        PHP function safe_mode: <span class="success">Disabled</span><br/ >
        PHP function allow_url_include: <span class="success">Enabled</span><br/ >
        PHP function allow_url_fopen: <span class="success">Enabled</span><br />
        PHP function magic_quotes_gpc: <span class="success">Disabled</span><br />
        PHP module gd: <span class="success">Installed</span><br />
        PHP module mysql: <span class="success">Installed</span><br />
        PHP module pdo_mysql: <span class="success">Installed</span><br />
        <br />
        MySQL username: <em>app</em><br />
        MySQL password: <em>******</em><br />
        MySQL database: <em>dvwa</em><br />
        MySQL host: <em>127.0.0.1</em><br />
        <br />
        reCAPTCHA key: <span class="failure">Missing</span><br />
        <br />
        [User: www-data] Writable folder /var/www/html/hackable/uploads/: <span class="success">Yes</span><br />
        [User: www-data] Writable file /var/www/html/external/phpids/0.6/lib/IDS/tmp/phpids_log.txt: <span class="success">Yes</span><br />
        <br />
        <br />
        [User: www-data] Writable folder /var/www/html/config: <span class="success">Yes</span>
        <br />
        <i><span class="failure">Status in red</span>, indicate there will be an issue when trying to complete some modules.</i><br />
        <br />
        If you see disabled on either <i>allow_url_fopen</i> or <i>allow_url_include</i>, set the following in your php.ini file and restart Apache.<br />
        <pre><code>allow_url_fopen = On
allow_url_include = On</code></pre>
        These are only required for the file inclusion labs so unless you want to play with those, you can ignore them.

        <br /><br /><br />

        <!-- Create db button -->
        <form action="#" method="post">
                <input name="create_db" type="submit" value="Create / Reset Database">
                <input type='hidden' name='user_token' value='e35eecedf4114b01c136e257f10f3e04' />
        </form>
        <br />
        <hr />
</div>
                                <br /><br />


                        </div>

                        <div class="clear">
                        </div>

                        <div id="system_info">

                        </div>

                        <div id="footer">

                                <p>Damn Vulnerable Web Application (DVWA) v1.10 *Development*</p>
                                <script src='/dvwa/js/add_event_listeners.js'></script>

                        </div>

                </div>

        </body>

</html>azdmin@Web-2:~$ exit
logout
Connection to 10.0.0.6 closed.
root@3d03e4e5c2e5:/etc/ansible# ansible all -m ping
10.0.0.7 | SUCCESS => {
    "changed": false,
    "ping": "pong"
}
10.0.0.6 | SUCCESS => {
    "changed": false,
    "ping": "pong"
}
10.0.0.5 | SUCCESS => {
    "changed": false,
    "ping": "pong"
}
root@3d03e4e5c2e5:/etc/ansible# nano hosts
root@3d03e4e5c2e5:/etc/ansible# ansible-playbook pentest.yml

PLAY [Config Web VM with Docker] ***************************************************************************************

TASK [Gathering Facts] *************************************************************************************************
ok: [10.0.0.7]
ok: [10.0.0.5]
ok: [10.0.0.6]

TASK [Install docker.io] ***********************************************************************************************
fatal: [10.0.0.7]: FAILED! => {"changed": false, "msg": "Failed to update apt cache: "}
fatal: [10.0.0.5]: FAILED! => {"changed": false, "msg": "Failed to update apt cache: "}
fatal: [10.0.0.6]: FAILED! => {"changed": false, "msg": "Failed to update apt cache: "}

PLAY RECAP *************************************************************************************************************
10.0.0.5                   : ok=1    changed=0    unreachable=0    failed=1    skipped=0    rescued=0    ignored=0
10.0.0.6                   : ok=1    changed=0    unreachable=0    failed=1    skipped=0    rescued=0    ignored=0
10.0.0.7                   : ok=1    changed=0    unreachable=0    failed=1    skipped=0    rescued=0    ignored=0

root@3d03e4e5c2e5:/etc/ansible# nano pentest.yml
root@3d03e4e5c2e5:/etc/ansible# ansible-playbook pentest.yml

PLAY [Config Web VM with Docker] ***************************************************************************************

TASK [Gathering Facts] *************************************************************************************************
ok: [10.0.0.7]
ok: [10.0.0.6]
ok: [10.0.0.5]

TASK [Install docker.io] ***********************************************************************************************
fatal: [10.0.0.7]: FAILED! => {"changed": false, "msg": "No package matching 'docker.io' is available"}
ok: [10.0.0.6]
ok: [10.0.0.5]

TASK [Install pip3] ****************************************************************************************************
ok: [10.0.0.6]
ok: [10.0.0.5]

TASK [Install docker python module] ************************************************************************************
ok: [10.0.0.6]
ok: [10.0.0.5]

TASK [download and launch docker web container] ************************************************************************
ok: [10.0.0.6]
ok: [10.0.0.5]

TASK [Enable docker service] *******************************************************************************************
ok: [10.0.0.6]
ok: [10.0.0.5]

PLAY RECAP *************************************************************************************************************
10.0.0.5                   : ok=6    changed=0    unreachable=0    failed=0    skipped=0    rescued=0    ignored=0
10.0.0.6                   : ok=6    changed=0    unreachable=0    failed=0    skipped=0    rescued=0    ignored=0
10.0.0.7                   : ok=1    changed=0    unreachable=0    failed=1    skipped=0    rescued=0    ignored=0

root@3d03e4e5c2e5:/etc/ansible# nano pentest
root@3d03e4e5c2e5:/etc/ansible# nano pentest.yml
root@3d03e4e5c2e5:/etc/ansible# nano pentest.yml
root@3d03e4e5c2e5:/etc/ansible# ssh azdmin@10.0.0.7
Welcome to Ubuntu 18.04.5 LTS (GNU/Linux 5.4.0-1046-azure x86_64)

 * Documentation:  https://help.ubuntu.com
 * Management:     https://landscape.canonical.com
 * Support:        https://ubuntu.com/advantage

  System information as of Wed Apr 21 00:41:21 UTC 2021

  System load:  0.0               Processes:           108
  Usage of /:   4.6% of 28.90GB   Users logged in:     0
  Memory usage: 9%                IP address for eth0: 10.0.0.7
  Swap usage:   0%


0 packages can be updated.
0 of these updates are security updates.

Failed to connect to https://changelogs.ubuntu.com/meta-release-lts. Check your Internet connection or proxy settings


Last login: Wed Apr 21 00:35:03 2021 from 10.0.0.4
azdmin@Web-3:~$ curl localhost/setup.php
curl: (7) Failed to connect to localhost port 80: Connection refused
azdmin@Web-3:~$ curl localhost/setup.php
curl: (7) Failed to connect to localhost port 80: Connection refused
azdmin@Web-3:~$ sudo docker container list -a
sudo: docker: command not found
azdmin@Web-3:~$ exit
logout
Connection to 10.0.0.7 closed.
root@3d03e4e5c2e5:/etc/ansible# ssh azdmin@10.0.0.6
Welcome to Ubuntu 18.04.5 LTS (GNU/Linux 5.4.0-1046-azure x86_64)

 * Documentation:  https://help.ubuntu.com
 * Management:     https://landscape.canonical.com
 * Support:        https://ubuntu.com/advantage

  System information as of Wed Apr 21 01:14:02 UTC 2021

  System load:  0.0                Processes:              127
  Usage of /:   11.4% of 28.90GB   Users logged in:        0
  Memory usage: 20%                IP address for eth0:    10.0.0.6
  Swap usage:   0%                 IP address for docker0: 172.17.0.1


18 packages can be updated.
0 of these updates are security updates.
To see these additional updates run: apt list --upgradable

Failed to connect to https://changelogs.ubuntu.com/meta-release-lts. Check your Internet connection or proxy settings


Last login: Wed Apr 21 00:35:10 2021 from 10.0.0.4
azdmin@Web-2:~$ sudo docker container list -a
CONTAINER ID        IMAGE                 COMMAND             CREATED             STATUS              PORTS                NAMES
40bdc8fe6730        cyberxsecurity/dvwa   "/main.sh"          3 days ago          Up About an hour    0.0.0.0:80->80/tcp   dvwa
azdmin@Web-2:~$ ls
azdmin@Web-2:~$ exit
logout
Connection to 10.0.0.6 closed.
root@3d03e4e5c2e5:/etc/ansible# ls
ansible.cfg  hosts  my_playbook  my_playbook.yml  pentest.yml  pentest2.yml  roles
root@3d03e4e5c2e5:/etc/ansible# nano my_playbook.yml
root@3d03e4e5c2e5:/etc/ansible# nano my_playbook.yml
root@3d03e4e5c2e5:/etc/ansible# nano pentest.yml
root@3d03e4e5c2e5:/etc/ansible# nano hosts
root@3d03e4e5c2e5:/etc/ansible# ansible-playbook pentest.yml

PLAY [Config Web VM with Docker] ***************************************************************************************

TASK [Gathering Facts] *************************************************************************************************
ok: [10.0.0.7]
ok: [10.0.0.5]
ok: [10.0.0.6]

TASK [Install docker.io] ***********************************************************************************************
fatal: [10.0.0.7]: FAILED! => {"changed": false, "msg": "No package matching 'docker.io' is available"}
ok: [10.0.0.6]
ok: [10.0.0.5]

TASK [Install pip3] ****************************************************************************************************
ok: [10.0.0.5]
ok: [10.0.0.6]

TASK [Install docker python module] ************************************************************************************
ok: [10.0.0.6]
ok: [10.0.0.5]

TASK [download and launch docker web container] ************************************************************************
ok: [10.0.0.6]
ok: [10.0.0.5]

TASK [Enable docker service] *******************************************************************************************
ok: [10.0.0.5]
ok: [10.0.0.6]

PLAY RECAP *************************************************************************************************************
10.0.0.5                   : ok=6    changed=0    unreachable=0    failed=0    skipped=0    rescued=0    ignored=0
10.0.0.6                   : ok=6    changed=0    unreachable=0    failed=0    skipped=0    rescued=0    ignored=0
10.0.0.7                   : ok=1    changed=0    unreachable=0    failed=1    skipped=0    rescued=0    ignored=0

root@3d03e4e5c2e5:/etc/ansible# nano pentest.yml
root@3d03e4e5c2e5:/etc/ansible# ansible-playbook pentest.yml

PLAY [Config Web VM with Docker] ***************************************************************************************

TASK [Gathering Facts] *************************************************************************************************
ok: [10.0.0.7]
ok: [10.0.0.6]
ok: [10.0.0.5]

TASK [Install docker.io] ***********************************************************************************************
fatal: [10.0.0.7]: FAILED! => {"changed": false, "msg": "Failed to update apt cache: "}
fatal: [10.0.0.6]: FAILED! => {"changed": false, "msg": "Failed to update apt cache: "}
fatal: [10.0.0.5]: FAILED! => {"changed": false, "msg": "Failed to update apt cache: "}

PLAY RECAP *************************************************************************************************************
10.0.0.5                   : ok=1    changed=0    unreachable=0    failed=1    skipped=0    rescued=0    ignored=0
10.0.0.6                   : ok=1    changed=0    unreachable=0    failed=1    skipped=0    rescued=0    ignored=0
10.0.0.7                   : ok=1    changed=0    unreachable=0    failed=1    skipped=0    rescued=0    ignored=0

root@3d03e4e5c2e5:/etc/ansible# nano pentest.yml
root@3d03e4e5c2e5:/etc/ansible# ansible-playbook pentest.yml

PLAY [Config Web VM with Docker] ***************************************************************************************

TASK [Gathering Facts] *************************************************************************************************
ok: [10.0.0.7]
ok: [10.0.0.5]
ok: [10.0.0.6]

TASK [Install docker.io] ***********************************************************************************************
fatal: [10.0.0.7]: FAILED! => {"changed": false, "msg": "Failed to update apt cache: "}
fatal: [10.0.0.6]: FAILED! => {"changed": false, "msg": "Failed to update apt cache: "}
fatal: [10.0.0.5]: FAILED! => {"changed": false, "msg": "Failed to update apt cache: "}

PLAY RECAP *************************************************************************************************************
10.0.0.5                   : ok=1    changed=0    unreachable=0    failed=1    skipped=0    rescued=0    ignored=0
10.0.0.6                   : ok=1    changed=0    unreachable=0    failed=1    skipped=0    rescued=0    ignored=0
10.0.0.7                   : ok=1    changed=0    unreachable=0    failed=1    skipped=0    rescued=0    ignored=0

root@3d03e4e5c2e5:/etc/ansible# nano pentest.yml
root@3d03e4e5c2e5:/etc/ansible# nano pentest.yml
root@3d03e4e5c2e5:/etc/ansible# ansible-playbook pentest.yml

PLAY [Config Web VM with Docker] ***************************************************************************************

TASK [Gathering Facts] *************************************************************************************************
ok: [10.0.0.6]
ok: [10.0.0.7]
ok: [10.0.0.5]

TASK [Install docker.io] ***********************************************************************************************
fatal: [10.0.0.7]: FAILED! => {"changed": false, "msg": "Unsupported parameters for (apt) module: force-apt-get Supported parameters include: allow_unauthenticated, autoclean, autoremove, cache_valid_time, deb, default_release, dpkg_options, force, force_apt_get, install_recommends, only_upgrade, package, policy_rc_d, purge, state, update_cache, upgrade"}
fatal: [10.0.0.6]: FAILED! => {"changed": false, "msg": "Unsupported parameters for (apt) module: force-apt-get Supported parameters include: allow_unauthenticated, autoclean, autoremove, cache_valid_time, deb, default_release, dpkg_options, force, force_apt_get, install_recommends, only_upgrade, package, policy_rc_d, purge, state, update_cache, upgrade"}
fatal: [10.0.0.5]: FAILED! => {"changed": false, "msg": "Unsupported parameters for (apt) module: force-apt-get Supported parameters include: allow_unauthenticated, autoclean, autoremove, cache_valid_time, deb, default_release, dpkg_options, force, force_apt_get, install_recommends, only_upgrade, package, policy_rc_d, purge, state, update_cache, upgrade"}

PLAY RECAP *************************************************************************************************************
10.0.0.5                   : ok=1    changed=0    unreachable=0    failed=1    skipped=0    rescued=0    ignored=0
10.0.0.6                   : ok=1    changed=0    unreachable=0    failed=1    skipped=0    rescued=0    ignored=0
10.0.0.7                   : ok=1    changed=0    unreachable=0    failed=1    skipped=0    rescued=0    ignored=0

root@3d03e4e5c2e5:/etc/ansible# nano pentest.yml
root@3d03e4e5c2e5:/etc/ansible# ansible-playbook pentest.yml

PLAY [Config Web VM with Docker] ***************************************************************************************

TASK [Gathering Facts] *************************************************************************************************
ok: [10.0.0.7]
ok: [10.0.0.6]
ok: [10.0.0.5]

TASK [Install docker.io] ***********************************************************************************************
fatal: [10.0.0.7]: FAILED! => {"changed": false, "msg": "No package matching 'docker.io' is available"}
ok: [10.0.0.6]
ok: [10.0.0.5]

TASK [Install pip3] ****************************************************************************************************
ok: [10.0.0.6]
ok: [10.0.0.5]

TASK [Install docker python module] ************************************************************************************
ok: [10.0.0.6]
ok: [10.0.0.5]

TASK [download and launch docker web container] ************************************************************************
ok: [10.0.0.6]
ok: [10.0.0.5]

TASK [Enable docker service] *******************************************************************************************
ok: [10.0.0.6]
ok: [10.0.0.5]

PLAY RECAP *************************************************************************************************************
10.0.0.5                   : ok=6    changed=0    unreachable=0    failed=0    skipped=0    rescued=0    ignored=0
10.0.0.6                   : ok=6    changed=0    unreachable=0    failed=0    skipped=0    rescued=0    ignored=0
10.0.0.7                   : ok=1    changed=0    unreachable=0    failed=1    skipped=0    rescued=0    ignored=0

root@3d03e4e5c2e5:/etc/ansible#
